// Jest Snapshot v1, https://goo.gl/fbAQLP

exports[`Pruebas en el componente <HomePage/> debe de mostrarse correctamente 1`] = `
<div>
  <h4>
    Home Page
  </h4>
  <hr />
  <pre>
    {
   "name": "gabriel",
   "email": "gabriel@email.com"
}
  </pre>
</div>
`;
