// Jest Snapshot v1, https://goo.gl/fbAQLP

exports[`Pruebas en el componente <LoginPage /> debe de mostrarse correctamente 1`] = `
<div>
  <h4>
    Login Page
  </h4>
  <hr />
  <button
    className="btn btn-primary"
    onClick={[Function]}
    type="submit"
  >
    Login
  </button>
</div>
`;
