// Jest Snapshot v1, https://goo.gl/fbAQLP

exports[`Preubas en el componente <HookApp/> debe de renderizar el componente correctamente 1`] = `
<div>
  <h1>
    Hola mundo
  </h1>
</div>
`;
