// Jest Snapshot v1, https://goo.gl/fbAQLP

exports[`Pruebas en el componente <TodoListItem/> debe de renderizarce correctamente 1`] = `
<li
  className="list-group-item"
>
  <p
    className="false"
    onClick={[Function]}
  >
    1
    . 
    aprender react
  </p>
  <button
    className="btn btn-danger"
    onClick={[Function]}
  >
     Eliminar 
  </button>
</li>
`;
