// Jest Snapshot v1, https://goo.gl/fbAQLP

exports[`Pruebas en el componente <TodoApp /> debe de mostrarse correctamente 1`] = `
<div>
  <h1>
    Tareas sin completar: ( 
    0
     ) 
  </h1>
  <hr />
  <div
    className="row"
  >
    <div
      className="col-7"
    >
      <h4
        className="text-center"
      >
        Todos
      </h4>
      <hr />
      <TodoList
        handleComplete={[Function]}
        handleDelete={[Function]}
        todos={Array []}
      />
    </div>
    <div
      className="col-5"
    >
      <TodoAdd
        addTodo={[Function]}
      />
    </div>
  </div>
</div>
`;
